[www.schoolsolver.com/index.html]
[backblue.gif]
[fade.gif]
[index.html]
[dw0mieutazhgr.cloudfront.net/bootstrap/css/bootstrap.min.css]
[dw0mieutazhgr.cloudfront.net/css/base-and-jquery-ui.min.css]
[dw0mieutazhgr.cloudfront.net/build/js/base-concat.min.js]
[dw0mieutazhgr.cloudfront.net/img/logo-techcrunch.png]
[www.schoolsolver.com/question/add/index.html]
[www.schoolsolver.com/questions/index.html]
[dw0mieutazhgr.cloudfront.net/img/logo-the-next-web.png]
[www.schoolsolver.com/users/index.html]
[www.schoolsolver.com/support/index.html]
[dw0mieutazhgr.cloudfront.net/img/logo-forbes.png]
[www.schoolsolver.com/account/login/index067e.html]
[dw0mieutazhgr.cloudfront.net/img/logo-mashable.png]
[www.schoolsolver.com/account/register/index067e.html]
[dw0mieutazhgr.cloudfront.net/img/logo-product-hunt.png]
[www.schoolsolver.com/questions/index19f6.html]
[www.schoolsolver.com/question/18135-economic/index.html]
[www.schoolsolver.com/questions/index6517.html]
[res.cloudinary.com/schoolsolver/image/fetch/w_100,h_100,f_auto,q_75/https_/schoolsolver.s3.amazonaws.com/media/profile_photos/display_display_vt.8.delayed]
[www.schoolsolver.com/question/18133-test-questions/index.html]
[www.schoolsolver.com/questions/indexdd46.html]
[www.schoolsolver.com/question/18131-factoring/index.html]
[www.schoolsolver.com/question/18123-rounding-and-estimating/index.html]
[res.cloudinary.com/schoolsolver/image/fetch/w_100,h_100,f_auto,q_75/https_/schoolsolver.s3.amazonaws.com/media/profile_photos/haafi_AmgH7mt.jpg]
[www.schoolsolver.com/questions/indexf452.html]
[www.schoolsolver.com/question/18130-polynomials-homework/index.html]
[www.schoolsolver.com/question/18121-conventional-encryption/index.html]
[www.schoolsolver.com/question/18120-please-write-an-essay-of-350-500-words-for-the-given-question/index.html]
[www.schoolsolver.com/questions/indexfd7b.html]
[www.schoolsolver.com/question/18114-infinity/index.html]
[res.cloudinary.com/schoolsolver/image/fetch/w_100,h_100,f_auto,q_75/https_/schoolsolver.s3.amazonaws.com/media/profile_photos/andreig.jpg]
[platform.twitter.com/widgets.js]
[www.schoolsolver.com/userprofile/6904/index.html]
[www.schoolsolver.com/userprofile/17/index.html]
[www.schoolsolver.com/userprofile/1731/index.html]
[www.schoolsolver.com/tos/index.html]
[www.schoolsolver.com/blog/index.html]
[dw0mieutazhgr.cloudfront.net/bower_components/jquery.fitvids/jquery.fitvids.js]
[dw0mieutazhgr.cloudfront.net/css/text-animation.css]
[cdn.provesrc.com/provesrc.js]
[dw0mieutazhgr.cloudfront.net/css/cometchat/cometchat.css]
[in.getclicky.com/100728630ns.gif]
[www.schoolsolver.com/index.html]
[dw0mieutazhgr.cloudfront.net/bootstrap/css/bootstrap.min.css]
[dw0mieutazhgr.cloudfront.net/css/base-and-jquery-ui.min.css]
[dw0mieutazhgr.cloudfront.net/js/cometchat/cometchatjs.js]
[dw0mieutazhgr.cloudfront.net/vendor/redactor/redactor.min.css]
[dw0mieutazhgr.cloudfront.net/bower_components/datetimepicker/jquery.datetimepicker.min.css]
[dw0mieutazhgr.cloudfront.net/vendor/js/s3upload.min.js]
[www.schoolsolver.com/account/register/indexa90b.html]
[dw0mieutazhgr.cloudfront.net/vendor/redactor/redactor.min.js]
[dw0mieutazhgr.cloudfront.net/bower_components/datetimepicker/jquery.datetimepicker.js]
[dw0mieutazhgr.cloudfront.net/js/edit_question.min.js]
[www.googleadservices.com/pagead/f.txt]
[www.googleadservices.com/pagead/f-2.txt]
[connect.facebook.net/en_US/fbds.js]
[www.schoolsolver.com/question/add/index.html]
[www.schoolsolver.com/account/login/indexa90b.html]
[dw0mieutazhgr.cloudfront.net/bower_components/filament-tablesaw/dist/tablesaw.js]
[www.schoolsolver.com/account/register/indexf3cc.html]
[www.schoolsolver.com/account/login/indexf3cc.html]
[dw0mieutazhgr.cloudfront.net/js/tables.min.js]
[www.schoolsolver.com/question/18137-math/index.html]
[www.schoolsolver.com/question/18141-hbkjlm/index.html]
[www.schoolsolver.com/question/18140-3-page/index.html]
[www.schoolsolver.com/question/18132-question-on-biochemistry/index.html]
[dw0mieutazhgr.cloudfront.net/bower_components/filament-tablesaw/dist/tablesaw.css]
[www.schoolsolver.com/question/18111-compare-three-wi-fi-scanning-tools/index.html]
[www.schoolsolver.com/question/18110-explain-internet-concepts/index.html]
[www.schoolsolver.com/question/18112-compare-and-contrast-wireless-communication-standards/index.html]
[www.schoolsolver.com/questions/index.html]
[dw0mieutazhgr.cloudfront.net/css/tables.min.css]
[www.schoolsolver.com/question/18109-compare-network-mapping-tools/index.html]
[www.schoolsolver.com/account/register/index3e5f.html]
[www.schoolsolver.com/account/login/index3e5f.html]
[res.cloudinary.com/schoolsolver/image/fetch/w_100,h_100,f_auto,q_75/https_/schoolsolver.s3.amazonaws.com/media/profile_photos/default.png]
[www.schoolsolver.com/users/index.html]
[www.schoolsolver.com/userprofile/35283/index.html]
[www.schoolsolver.com/support/index.html]
[www.schoolsolver.com/userprofile/21853/index.html]
[www.schoolsolver.com/userprofile/30652/index.html]
[www.schoolsolver.com/userprofile/24683/index.html]
[www.schoolsolver.com/userprofile/35190/index.html]
[www.schoolsolver.com/userprofile/38521/index.html]
[www.schoolsolver.com/userprofile/36731/index.html]
[www.schoolsolver.com/userprofile/37318/index.html]
[dw0mieutazhgr.cloudfront.net/img/facebook_login.20.delayed]
[www.schoolsolver.com/userprofile/38520/index.html]
[www.schoolsolver.com/users/indexe69d.html]
[www.schoolsolver.com/account/register/index6539.html]
[www.schoolsolver.com/account/register/indexa337.html]
[www.schoolsolver.com/account/login/indexa337.html]
[dw0mieutazhgr.cloudfront.net/img/google_login.21.delayed]
[www.schoolsolver.com/account/register/index067e.html]
[www.schoolsolver.com/account/login/index067e.html]
[www.schoolsolver.com/account/login/index6539.html]
[www.schoolsolver.com/account/login/indexd3b2.html]
[www.schoolsolver.com/account/password/reset/index.html]
[www.schoolsolver.com/account/register/indexd3b2.html]
[www.schoolsolver.com/account/register/index4396.html]
[www.schoolsolver.com/account/login/index4396.html]
[www.schoolsolver.com/userprofile/30802/index.html]
[res.cloudinary.com/schoolsolver/image/fetch/w_100,h_100,f_auto,q_75/https_/schoolsolver.s3.amazonaws.com/media/profile_photos/pat_pik.jpg]
[res.cloudinary.com/schoolsolver/image/fetch/w_100,h_100,f_auto,q_75/https_/schoolsolver.s3.amazonaws.com/media/profile_photos/GettyImages-511947890-1.jpg]
[products.secureserver.net/images/ssl/seals/VS_GD_light.gif]
[www.schoolsolver.com/userprofile/38188/index.html]
[www.schoolsolver.com/answer/13720/index.html]
[checkout.stripe.com/checkout.js]
[dw0mieutazhgr.cloudfront.net/img/stripe.png]
[www.schoolsolver.com/index2ba1.html]
[dw0mieutazhgr.cloudfront.net/img/paypal.png]
[www.schoolsolver.com/userprofile/38406/index.html]
[res.cloudinary.com/schoolsolver/image/fetch/w_100,h_100,f_auto,q_75/https_/schoolsolver.s3.amazonaws.com/media/profile_photos/aug_pat_pik.jpg]
[dw0mieutazhgr.cloudfront.net/js/answer.min.js]
[www.schoolsolver.com/answer/13721/index.html]
[www.schoolsolver.com/question/18135-economic/index.html]
[www.schoolsolver.com/questions/index19f6.html]
[www.schoolsolver.com/question/17980-discussion-question-your-opinion/index.html]
[www.schoolsolver.com/question/18133-test-questions/index.html]
[www.schoolsolver.com/question/17979-discussion-question-your-opinion/index.html]
[www.schoolsolver.com/question/17978-discussion-question-your-opinion/index.html]
[www.schoolsolver.com/question/17977-discussion-question-your-opinion/index.html]
[www.schoolsolver.com/questions/index6517.html]
[www.schoolsolver.com/question/17975-i-need-to-help-this-question/index.html]
[www.schoolsolver.com/question/17961-trends-in-wages-and-jobs-in-the-united-states-microeconomics/index.html]
[www.schoolsolver.com/question/17959-elasticity-and-the-price-of-gold-microeconomics/index.html]
[www.schoolsolver.com/question/17960-competition-profit-and-international-trade/index.html]
[www.schoolsolver.com/question/17958-price-controls-around-the-world-microeconomics/index.html]
[res.cloudinary.com/schoolsolver/image/fetch/w_100,h_100,f_auto,q_75/https_/schoolsolver.s3.amazonaws.com/media/profile_photos/cool-program.jpg]
[www.schoolsolver.com/question/17746-economics-tutor/index.html]
[www.schoolsolver.com/question/17833-engineering-economics/index.html]
[www.schoolsolver.com/question/17839-oligopoly/index.html]
[www.schoolsolver.com/question/17738-economics-course/index.html]
[res.cloudinary.com/schoolsolver/image/fetch/w_100,h_100,f_auto,q_75/https_/schoolsolver.s3.amazonaws.com/media/profile_photos/Steve_Mwithi_2.jpg]
[www.schoolsolver.com/account/register/indexf1c8.html]
[www.schoolsolver.com/question/17713-need-help-with-question/index.html]
[www.schoolsolver.com/account/login/indexf1c8.html]
[www.schoolsolver.com/userprofile/38318/index.html]
[www.schoolsolver.com/answer/13718/index.html]
[res.cloudinary.com/schoolsolver/image/fetch/w_100,h_100,f_auto,q_75/https_/schoolsolver.s3.amazonaws.com/media/profile_photos/IMG_20180717_222200_354.jpg]
[www.schoolsolver.com/question/15417-papeer-needed-asap/index.html]
[www.schoolsolver.com/question/15414-help-i-have-a-paper-due/index.html]
[www.schoolsolver.com/question/15418-four-page-paper/index.html]
[www.schoolsolver.com/question/18131-factoring/index.html]
[www.schoolsolver.com/userprofile/38344/index.html]
[www.schoolsolver.com/account/register/index5d74.html]
[www.schoolsolver.com/questions/indexdd46.html]
[www.schoolsolver.com/question/11649-language-as-social-performance-style-shifting/index.html]
[www.schoolsolver.com/account/login/index5d74.html]
[www.schoolsolver.com/attachments/attachment/139679/index.html]
[www.schoolsolver.com/userprofile/13560/index.html]
[www.schoolsolver.com/answer/13711/index.html]
[www.schoolsolver.com/userprofile/28180/index.html]
[www.schoolsolver.com/answer/13711/preview/index.html]
[www.schoolsolver.com/question/18130-polynomials-homework/index.html]
[www.schoolsolver.com/answer/13710/index.html]
[www.schoolsolver.com/userprofile/37955/index.html]
[www.schoolsolver.com/answer/13715/index.html]
[www.schoolsolver.com/question/18101-take-home-final/index.html]
[www.schoolsolver.com/question/18123-rounding-and-estimating/index.html]
[www.schoolsolver.com/question/17936-researchers-were-interested-in-comparing-the-lon/index.html]
[www.schoolsolver.com/question/18100-trigonometry-project/index.html]
[www.schoolsolver.com/question/17986-suppose-a-greeting-card-is-4-inches-long-on-one/index.html]
[www.schoolsolver.com/question/17967-trigonometry-sinosuidal-functiongraph-word-problem/index.html]
[www.schoolsolver.com/questions/indexf452.html]
[www.schoolsolver.com/question/17703-test-about-area-and-volume/index.html]
[www.schoolsolver.com/question/17707-i-need-help-completing-this-assignment/index.html]
[www.schoolsolver.com/question/17845-geomerty/index.html]
[www.schoolsolver.com/question/17762-rings-maths/index.html]
[www.schoolsolver.com/question/17702-test-about-circles/index.html]
[www.schoolsolver.com/question/17699-radioactivity-and-half-life/index.html]
[res.cloudinary.com/schoolsolver/image/fetch/w_100,h_100,f_auto,q_75/https_/schoolsolver.s3.amazonaws.com/media/profile_photos/gm.34.delayed]
[www.schoolsolver.com/account/register/index9e00.html]
[www.schoolsolver.com/question/17688-parabolas-2/index.html]
[www.schoolsolver.com/question/17687-circles-2/index.html]
[www.schoolsolver.com/question/18121-conventional-encryption/index.html]
[www.schoolsolver.com/attachments/attachment/139675/index.html]
[www.schoolsolver.com/answer/13708/preview/index.html]
[www.schoolsolver.com/questions/indexfd7b.html]
[www.schoolsolver.com/answer/13708/index.html]
[www.schoolsolver.com/account/login/index9e00.html]
[www.schoolsolver.com/answer/13714/preview/index.html]
[www.schoolsolver.com/answer/13714/index.html]
[www.schoolsolver.com/account/register/index8277.html]
[res.cloudinary.com/schoolsolver/image/fetch/w_100,h_100,f_auto,q_75/https_/schoolsolver.s3.amazonaws.com/media/profile_photos/download_NCc3N45.jpg]
[www.schoolsolver.com/answer/13703/index.html]
[www.schoolsolver.com/account/login/index8277.html]
[www.schoolsolver.com/userprofile/38264/index.html]
[res.cloudinary.com/schoolsolver/image/fetch/w_100,h_100,f_auto,q_75/https_/schoolsolver.s3.amazonaws.com/media/profile_photos/Colourful_hijab_China.jpg]
[www.schoolsolver.com/question/17962-essay-assignment/index.html]
[www.schoolsolver.com/question/17935-sound-paragraph/index.html]
[www.schoolsolver.com/question/17905-education/index.html]
[www.schoolsolver.com/question/17831-off-campus-feature-story/index.html]
[www.schoolsolver.com/question/17752-news-story-writing-ap-style/index.html]
[www.schoolsolver.com/question/18120-please-write-an-essay-of-350-500-words-for-the-given-question/index.html]
[www.schoolsolver.com/question/17751-news-story/index.html]
[www.schoolsolver.com/question/17722-need-a-personal-statement-written/index.html]
[www.schoolsolver.com/question/17653-a-research-paper-about-racism-in-the-20th-c/index.html]
[www.schoolsolver.com/question/17625-writing-an-analytical-essay-on-lunch-break/index.html]
[www.schoolsolver.com/question/17607-comparitive-literary-essay-purple-hibiscus-persepolis-essay-is-34-completed/index.html]
[www.schoolsolver.com/account/register/index5ea4.html]
[www.schoolsolver.com/question/17610-discussion/index.html]
[www.schoolsolver.com/question/17622-2-discussions/index.html]
[www.schoolsolver.com/account/login/index5ea4.html]
[www.schoolsolver.com/userprofile/34294/index.html]
[www.schoolsolver.com/userprofile/35845/index.html]
[res.cloudinary.com/schoolsolver/image/fetch/w_100,h_100,f_auto,q_75/https_/schoolsolver.s3.amazonaws.com/media/profile_photos/Locke_Alain_Leroy-383x438.jpg]
[www.schoolsolver.com/answer/13704/preview/index.html]
[www.schoolsolver.com/answer/13704/index.html]
[www.schoolsolver.com/question/18114-infinity/index.html]
[www.schoolsolver.com/question/18107-investigate-multiplexing/index.html]
[www.schoolsolver.com/question/18106-compare-three-protocol-analyzers/index.html]
[www.schoolsolver.com/question/18083-managing-information-security-audits/index.html]
[www.schoolsolver.com/question/18108-create-a-wan/index.html]
[www.schoolsolver.com/question/17992-compare-network-diagnostics-tools/index.html]
[www.schoolsolver.com/question/17993-create-a-model-of-communication/index.html]
[www.schoolsolver.com/question/17949-tcpip-addressing-and-management/index.html]
[www.schoolsolver.com/question/17915-tcpip-networking/index.html]
[www.schoolsolver.com/question/17948-tcpip-discussion/index.html]
[www.schoolsolver.com/question/17953-project-management-terminology/index.html]
[www.schoolsolver.com/account/register/index7c22.html]
[schoolsolver.s3.amazonaws.com/media/quiz_images/favicon.png]
[www.schoolsolver.com/userprofile/29770/index.html]
[www.schoolsolver.com/userprofile/38189/index.html]
[www.schoolsolver.com/account/login/index7c22.html]
[www.schoolsolver.com/answer/13697/preview/index.html]
[www.schoolsolver.com/answer/13697/index.html]
[www.schoolsolver.com/userprofile/38278/index.html]
[schoolsolver.s3.amazonaws.com/media/quiz_images/eng_1.3d.delayed]
[www.schoolsolver.com/answer/13705/preview/index.html]
[www.schoolsolver.com/answer/13705/index.html]
[www.schoolsolver.com/account/login/index7069.html]
[www.schoolsolver.com/account/register/index7069.html]
[www.schoolsolver.com/userprofile/36879/index.html]
[schoolsolver.s3.amazonaws.com/media/quiz_images/accounting_1.3e.delayed]
[www.schoolsolver.com/userprofile/17/index.html]
[www.schoolsolver.com/answer/13689/index.html]
[www.schoolsolver.com/account/register/index57d9.html]
[www.schoolsolver.com/userprofile/6904/index.html]
[www.schoolsolver.com/question/14375-need-someone-to-write-a-fictional-short-storie/index.html]
[www.schoolsolver.com/account/login/index57d9.html]
[www.schoolsolver.com/userprofile/1731/index.html]
[www.schoolsolver.com/question/14342-does-anybody-here-have-experience-with-react-nat/index.html]
[www.schoolsolver.com/question/14293-need-someone-to-create-a-workflow-for-me-if-you/index.html]
[www.schoolsolver.com/question/14355-need-someone-to-write-fictional-2-short-stories/index.html]
[www.schoolsolver.com/question/14278-need-someone-to-convert-webpage-to-responsive-design/index.html]
[www.schoolsolver.com/question/9179-been-on-a-very-tight-schedule-with-having-to-tur/index.html]
[dw0mieutazhgr.cloudfront.net/css/blog.css]
[www.schoolsolver.com/question/9073-emerging-trends/index.html]
[www.schoolsolver.com/question/9052-discuss-the-spread-of-christianity-in-the-late-a/index.html]
[www.schoolsolver.com/question/9072-contract-agency-law/index.html]
[www.schoolsolver.com/userprofile/34564/index.html]
[www.schoolsolver.com/question/add/indexd73e.html]
[dw0mieutazhgr.cloudfront.net/js/blog.js]
[www.schoolsolver.com/blog/index.html]
[www.schoolsolver.com/userprofile/33058/index.html]
[www.schoolsolver.com/userprofile/29953/index.html]
[www.schoolsolver.com/tos/index.html]
[www.schoolsolver.com/answer/899325328/index.html]
[www.schoolsolver.com/answer/899482882/index.html]
[dw0mieutazhgr.cloudfront.net/css/text-animation.css]
[www.schoolsolver.com/userprofile/21262/index.html]
[www.schoolsolver.com/answer/898972078/index.html]
[www.schoolsolver.com/userprofile/20288/index.html]
[www.schoolsolver.com/answer/898838866/index.html]
[www.schoolsolver.com/answer/898671397/index.html]
[www.schoolsolver.com/userprofile/18833/index.html]
[www.schoolsolver.com/userprofile/17867/index.html]
[www.schoolsolver.com/answer/899295687/index.html]
[www.schoolsolver.com/answer/899444861/index.html]
[www.schoolsolver.com/userprofile/11190/index.html]
[www.schoolsolver.com/answer/899449384/index.html]
[www.schoolsolver.com/userprofile/8262/index.html]
[www.schoolsolver.com/answer/899228947/index.html]
[www.schoolsolver.com/userprofile/9433/index.html]
[www.schoolsolver.com/userprofile/6699/index.html]
[www.schoolsolver.com/answer/899498301/index.html]
[www.schoolsolver.com/userprofile/5928/index.html]
[www.schoolsolver.com/answer/899462174/index.html]
[www.schoolsolver.com/userprofile/5660/index.html]
[www.schoolsolver.com/answer/898584854/index.html]
[www.schoolsolver.com/userprofile/4599/index.html]
[dw0mieutazhgr.cloudfront.net/css/cometchat/layouts/docked/images/closesearchglyph.svg]
[www.schoolsolver.com/answer/3600/index.html]
[www.schoolsolver.com/userprofile/4380/index.html]
[www.schoolsolver.com/answer/899155997/index.html]
[www.schoolsolver.com/userprofile/3363/index.html]
[www.schoolsolver.com/userprofile/2522/index.html]
[www.schoolsolver.com/answer/898522646/index.html]
[www.schoolsolver.com/answer/898594109/index.html]
[www.schoolsolver.com/userprofile/2140/index.html]
[www.schoolsolver.com/answer/898936571/index.html]
[www.schoolsolver.com/answer/899335083/index.html]
[www.schoolsolver.com/userprofile/1649/index.html]
[www.schoolsolver.com/userprofile/1538/index.html]
[www.schoolsolver.com/answer/899296054/index.html]
[www.schoolsolver.com/answer/899342074/index.html]
[www.schoolsolver.com/account/register/index9071.html]
[www.schoolsolver.com/account/login/index9071.html]
[dw0mieutazhgr.cloudfront.net/css/cometchat/layouts/docked/images/power.svg]
[www.schoolsolver.com/question/17601-complete-answer-working-93-score/index.html]
[dw0mieutazhgr.cloudfront.net/css/cometchat/layouts/docked/images/closeglyph.svg]
[www.schoolsolver.com/question/16070-as-we-agreed_please-find-attached/index.html]
[www.schoolsolver.com/question/15177-weekly-reflective-journal/index.html]
[www.schoolsolver.com/question/14922-as-we-agreed_please-find-attached/index.html]
[www.schoolsolver.com/question/14320-as-we-agreed_pmt-link-final_please-complete/index.html]
[dw0mieutazhgr.cloudfront.net/css/cometchat/layouts/docked/images/alertsoutline.svg]
[www.schoolsolver.com/question/add/indexfc54.html]
[www.schoolsolver.com/userprofile/17370/index.html]
[www.schoolsolver.com/userprofile/25333/index.html]
[www.schoolsolver.com/answer/9252/index.html]
[www.schoolsolver.com/answer/11486/index.html]
[dw0mieutazhgr.cloudfront.net/css/cometchat/layouts/docked/images/moreoutline.svg]
[www.schoolsolver.com/userprofile/22163/index.html]
[www.schoolsolver.com/userprofile/24768/index.html]
[www.schoolsolver.com/answer/10635/index.html]
[www.schoolsolver.com/userprofile/20522/index.html]
[www.schoolsolver.com/userprofile/13524/index.html]
[www.schoolsolver.com/answer/10437/index.html]
[www.schoolsolver.com/answer/10396/index.html]
[www.schoolsolver.com/userprofile/15475/index.html]
[www.schoolsolver.com/answer/8451/index.html]
[www.schoolsolver.com/answer/7039/index.html]
[www.schoolsolver.com/userprofile/7097/index.html]
[www.schoolsolver.com/answer/8627/index.html]
[www.schoolsolver.com/userprofile/13985/index.html]
[www.schoolsolver.com/userprofile/13382/index.html]
[www.schoolsolver.com/answer/7840/index.html]
[www.schoolsolver.com/userprofile/13463/index.html]
[www.schoolsolver.com/answer/7738/index.html]
[www.schoolsolver.com/userprofile/11943/index.html]
[www.schoolsolver.com/answer/6847/index.html]
[www.schoolsolver.com/answer/6619/index.html]
[www.schoolsolver.com/userprofile/10752/index.html]
[www.schoolsolver.com/answer/6186/index.html]
[www.schoolsolver.com/answer/5973/index.html]
[www.schoolsolver.com/userprofile/9651/index.html]
[www.schoolsolver.com/answer/5754/index.html]
[www.schoolsolver.com/userprofile/3324/index.html]
[www.schoolsolver.com/userprofile/3583/index.html]
[www.schoolsolver.com/answer/5587/index.html]
[www.schoolsolver.com/userprofile/9535/index.html]
[www.schoolsolver.com/answer/5250/index.html]
[www.schoolsolver.com/answer/5208/index.html]
[www.schoolsolver.com/answer/4646/index.html]
[www.schoolsolver.com/answer/4579/index.html]
[www.schoolsolver.com/answer/4545/index.html]
[www.schoolsolver.com/answer/4441/index.html]
[www.schoolsolver.com/answer/4484/index.html]
[www.schoolsolver.com/answer/4580/index.html]
[www.schoolsolver.com/answer/4442/index.html]
[www.schoolsolver.com/userprofile/7457/index.html]
[www.schoolsolver.com/answer/4621/index.html]
[www.schoolsolver.com/answer/4595/index.html]
[dw0mieutazhgr.cloudfront.net/css/cometchat/layouts/docked/images/sent.png]
[www.schoolsolver.com/answer/4570/index.html]
[www.schoolsolver.com/answer/4255/index.html]
[www.schoolsolver.com/answer/4010/index.html]
[www.schoolsolver.com/account/register/index040b.html]
[www.schoolsolver.com/answer/4105/index.html]
[www.schoolsolver.com/answer/4056/index.html]
[www.schoolsolver.com/account/login/index040b.html]
[dw0mieutazhgr.cloudfront.net/css/cometchat/layouts/docked/images/delivered.png]
[www.schoolsolver.com/question/14026-windows-form-upload-the-windows-forms-visual-basic-sin-file-solved/index.html]
[www.schoolsolver.com/question/13811-ppt/index.html]
[www.schoolsolver.com/question/12487-industrial-politics-bouns-the-first-5q/index.html]
[www.schoolsolver.com/question/11974-there-you-go/index.html]
[dw0mieutazhgr.cloudfront.net/css/cometchat/layouts/docked/images/read.png]
[www.schoolsolver.com/question/12188-u4-assessment/index.html]
[www.schoolsolver.com/question/add/index2ab6.html]
[www.schoolsolver.com/answer/9940/index.html]
[www.schoolsolver.com/answer/9852/index.html]
[www.schoolsolver.com/answer/9530/index.html]
[www.schoolsolver.com/answer/9531/index.html]
[www.schoolsolver.com/answer/9447/index.html]
[www.schoolsolver.com/answer/9390/index.html]
[www.schoolsolver.com/answer/9448/index.html]
[www.schoolsolver.com/answer/9391/index.html]
[www.schoolsolver.com/answer/9372/index.html]
[www.schoolsolver.com/answer/9350/index.html]
[www.schoolsolver.com/answer/9349/index.html]
[www.schoolsolver.com/answer/9371/index.html]
[www.schoolsolver.com/answer/9316/index.html]
[www.schoolsolver.com/answer/9318/index.html]
[www.schoolsolver.com/answer/9292/index.html]
[www.schoolsolver.com/answer/9293/index.html]
[www.schoolsolver.com/answer/9268/index.html]
[www.schoolsolver.com/answer/9267/index.html]
[www.schoolsolver.com/answer/9234/index.html]
[www.schoolsolver.com/userprofile/11252/index.html]
[www.schoolsolver.com/answer/9233/index.html]
[www.schoolsolver.com/answer/8993/index.html]
[www.schoolsolver.com/answer/8901/index.html]
[www.schoolsolver.com/answer/8782/index.html]
[www.schoolsolver.com/answer/8959/index.html]
[www.schoolsolver.com/answer/8535/index.html]
[www.schoolsolver.com/userprofile/11731/index.html]
[www.schoolsolver.com/answer/8502/index.html]
[dw0mieutazhgr.cloudfront.net/css/cometchat/layouts/docked/images/smilies_icon.svg]
[www.schoolsolver.com/answer/8412/index.html]
[www.schoolsolver.com/answer/8408/index.html]
[www.schoolsolver.com/answer/8368/index.html]
[www.schoolsolver.com/answer/8293/index.html]
[www.schoolsolver.com/answer/8362/index.html]
[www.schoolsolver.com/answer/8200/index.html]
[www.schoolsolver.com/userprofile/15093/index.html]
[www.schoolsolver.com/answer/8177/index.html]
[www.schoolsolver.com/answer/8144/index.html]
[www.schoolsolver.com/answer/8126/index.html]
[www.schoolsolver.com/answer/8125/index.html]
[www.schoolsolver.com/answer/7958/index.html]
[www.schoolsolver.com/answer/7959/index.html]
[www.schoolsolver.com/answer/7880/index.html]
[www.schoolsolver.com/answer/7782/index.html]
[www.schoolsolver.com/answer/7788/index.html]
[www.schoolsolver.com/answer/7876/index.html]
[www.schoolsolver.com/userprofile/13195/index.html]
[www.schoolsolver.com/answer/7728/index.html]
[www.schoolsolver.com/answer/7729/index.html]
[www.schoolsolver.com/answer/7731/index.html]
[www.schoolsolver.com/answer/7762/index.html]
[dw0mieutazhgr.cloudfront.net/css/cometchat/layouts/docked/images/cometchat.png]
[www.schoolsolver.com/answer/7581/index.html]
[www.schoolsolver.com/answer/7582/index.html]
[www.schoolsolver.com/answer/7413/index.html]
[www.schoolsolver.com/answer/7328/index.html]
[www.schoolsolver.com/answer/7411/index.html]
[www.schoolsolver.com/answer/7327/index.html]
[www.schoolsolver.com/userprofile/7153/index.html]
[www.schoolsolver.com/answer/7145/index.html]
[www.schoolsolver.com/answer/7143/index.html]
[dw0mieutazhgr.cloudfront.net/css/cometchat/cometchat.css]
[www.schoolsolver.com/answer/6752/index.html]
[www.schoolsolver.com/answer/6779/index.html]
[www.schoolsolver.com/answer/6757/index.html]
[dw0mieutazhgr.cloudfront.net/vendor/redactor/redactor.min.css]
[www.schoolsolver.com/answer/6799/index.html]
[www.schoolsolver.com/answer/6803/index.html]
[dw0mieutazhgr.cloudfront.net/bower_components/datetimepicker/jquery.datetimepicker.min.css]
[www.schoolsolver.com/answer/6710/index.html]
[www.schoolsolver.com/answer/6689/index.html]
[www.schoolsolver.com/account/register/indexa90b.html]
[www.schoolsolver.com/answer/6662/index.html]
[www.schoolsolver.com/answer/6690/index.html]
[www.schoolsolver.com/account/login/indexa90b.html]
[www.schoolsolver.com/answer/6660/index.html]
[www.schoolsolver.com/answer/6711/index.html]
[connect.facebook.net/en_US/fbds.js]
[www.schoolsolver.com/answer/6629/index.html]
[www.schoolsolver.com/answer/6053/index.html]
[www.schoolsolver.com/account/register/indexf3cc.html]
[www.schoolsolver.com/answer/6564/index.html]
[www.schoolsolver.com/answer/6561/index.html]
[www.schoolsolver.com/account/login/indexf3cc.html]
[www.schoolsolver.com/answer/6400/index.html]
[www.schoolsolver.com/answer/6508/index.html]
[www.schoolsolver.com/answer/6463/index.html]
[www.schoolsolver.com/answer/6448/index.html]
[www.schoolsolver.com/answer/6392/index.html]
[www.schoolsolver.com/question/18141-hbkjlm/index.html]
[www.schoolsolver.com/answer/6298/index.html]
[www.schoolsolver.com/answer/6347/index.html]
[www.schoolsolver.com/answer/6268/index.html]
[www.schoolsolver.com/answer/6361/index.html]
[www.schoolsolver.com/answer/6245/index.html]
[www.schoolsolver.com/answer/6234/index.html]
[www.schoolsolver.com/question/18140-3-page/index.html]
[www.schoolsolver.com/userprofile/4720/index.html]
[www.schoolsolver.com/userprofile/9367/index.html]
[www.schoolsolver.com/answer/6166/index.html]
[www.schoolsolver.com/answer/3269/index.html]
[www.schoolsolver.com/answer/6156/index.html]
[www.schoolsolver.com/answer/6112/index.html]
[www.schoolsolver.com/question/18137-math/index.html]
[www.schoolsolver.com/userprofile/5881/index.html]
[www.schoolsolver.com/answer/6052/index.html]
[www.schoolsolver.com/answer/6081/index.html]
[www.schoolsolver.com/answer/5545/index.html]
[www.schoolsolver.com/answer/5538/index.html]
[www.schoolsolver.com/answer/5537/index.html]
[www.schoolsolver.com/question/18132-question-on-biochemistry/index.html]
[www.schoolsolver.com/answer/5383/index.html]
[www.schoolsolver.com/answer/5249/index.html]
[www.schoolsolver.com/answer/5460/index.html]
[www.schoolsolver.com/answer/5525/index.html]
[www.schoolsolver.com/userprofile/9660/index.html]
[www.schoolsolver.com/question/18112-compare-and-contrast-wireless-communication-standards/index.html]
[www.schoolsolver.com/answer/5520/index.html]
[www.schoolsolver.com/answer/4738/index.html]
[www.schoolsolver.com/answer/5001/index.html]
[www.schoolsolver.com/answer/4257/index.html]
[www.schoolsolver.com/answer/4180/index.html]
[www.schoolsolver.com/answer/4118/index.html]
[www.schoolsolver.com/answer/4102/index.html]
[www.schoolsolver.com/question/18111-compare-three-wi-fi-scanning-tools/index.html]
[www.schoolsolver.com/userprofile/5247/index.html]
[www.schoolsolver.com/answer/4011/index.html]
[www.schoolsolver.com/answer/4067/index.html]
[www.schoolsolver.com/answer/3874/index.html]
[www.schoolsolver.com/answer/3656/index.html]
[www.schoolsolver.com/answer/3673/index.html]
[www.schoolsolver.com/question/18110-explain-internet-concepts/index.html]
[www.schoolsolver.com/answer/3608/index.html]
[www.schoolsolver.com/answer/3586/index.html]
[www.schoolsolver.com/answer/3724/index.html]
[www.schoolsolver.com/userprofile/3479/index.html]
[www.schoolsolver.com/answer/2853/index.html]
[www.schoolsolver.com/userprofile/2879/index.html]
[www.schoolsolver.com/userprofile/2187/index.html]
[www.schoolsolver.com/answer/2610/index.html]
[www.schoolsolver.com/question/18109-compare-network-mapping-tools/index.html]
[www.schoolsolver.com/answer/2510/index.html]
[www.schoolsolver.com/answer/2509/index.html]
[www.schoolsolver.com/answer/2407/index.html]
[dw0mieutazhgr.cloudfront.net/bower_components/filament-tablesaw/dist/tablesaw.css]
[www.schoolsolver.com/userprofile/1549/index.html]
[www.schoolsolver.com/answer/2370/index.html]
[dw0mieutazhgr.cloudfront.net/css/tables.min.css]
[www.schoolsolver.com/answer/2366/index.html]
[www.schoolsolver.com/answer/2307/index.html]
[www.schoolsolver.com/answer/2308/index.html]
[www.schoolsolver.com/account/register/index3e5f.html]
[www.schoolsolver.com/answer/2301/index.html]
[www.schoolsolver.com/answer/2271/index.html]
[www.schoolsolver.com/answer/2235/index.html]
[www.schoolsolver.com/account/login/index3e5f.html]
[www.schoolsolver.com/userprofile/1779/index.html]
[www.schoolsolver.com/answer/2201/index.html]
[www.schoolsolver.com/userprofile/35283/index.html]
[www.schoolsolver.com/answer/2171/index.html]
[www.schoolsolver.com/answer/2161/index.html]
[www.schoolsolver.com/answer/2131/index.html]
[www.schoolsolver.com/userprofile/21853/index.html]
[www.schoolsolver.com/userprofile/1735/index.html]
[www.schoolsolver.com/answer/2130/index.html]
[www.schoolsolver.com/userprofile/30652/index.html]
[www.schoolsolver.com/answer/1690/index.html]
[www.schoolsolver.com/userprofile/943/index.html]
[www.schoolsolver.com/userprofile/24683/index.html]
[www.schoolsolver.com/userprofile/1748/index.html]
[www.schoolsolver.com/answer/1719/index.html]
[www.schoolsolver.com/userprofile/35190/index.html]
[www.schoolsolver.com/userprofile/1711/index.html]
[www.schoolsolver.com/answer/1709/index.html]
[www.schoolsolver.com/userprofile/38521/index.html]
[www.schoolsolver.com/answer/1747/index.html]
[www.schoolsolver.com/account/register/indexc0a7.html]
[www.schoolsolver.com/userprofile/36731/index.html]
[www.schoolsolver.com/userprofile/38520/index.html]
[www.schoolsolver.com/userprofile/37318/index.html]
[www.schoolsolver.com/account/register/index22e4.html]
[www.schoolsolver.com/account/login/indexc0a7.html]
[www.schoolsolver.com/account/login/index22e4.html]
[www.schoolsolver.com/account/register/indexda0f.html]
[www.schoolsolver.com/account/login/indexda0f.html]
[www.schoolsolver.com/account/register/indexf059.html]
[www.schoolsolver.com/questions/indexfe22.html]
[www.schoolsolver.com/account/login/indexf059.html]
[www.schoolsolver.com/userprofile/29223/index.html]
[res.cloudinary.com/schoolsolver/image/fetch/w_100,h_100,f_auto,q_75/https_/schoolsolver.s3.amazonaws.com/media/profile_photos/1_dY79p4p.png]
[www.schoolsolver.com/users/indexe69d.html]
[www.schoolsolver.com/userprofile/24981/index.html]
[www.schoolsolver.com/userprofile/38472/index.html]
[www.schoolsolver.com/account/register/index6539.html]
[www.schoolsolver.com/account/register/index55a2.html]
[www.schoolsolver.com/account/login/index6539.html]
[www.schoolsolver.com/account/login/index55a2.html]
[www.schoolsolver.com/questions/index053b.html]
[www.schoolsolver.com/account/register/indexa337.html]
[www.schoolsolver.com/account/register/index7f1b.html]
[www.schoolsolver.com/account/login/indexa337.html]
[www.schoolsolver.com/questions/index029e.html]
[www.schoolsolver.com/account/login/index7f1b.html]
[www.schoolsolver.com/login/facebook/index067e.html]
[www.schoolsolver.com/account/register/index852a.html]
[www.schoolsolver.com/userprofile/8556/index.html]
[www.schoolsolver.com/login/google-oauth2/index067e.html]
[www.schoolsolver.com/userprofile/6602/index.html]
[www.schoolsolver.com/account/login/index852a.html]
[www.schoolsolver.com/account/register/indexd3b2.html]
[www.schoolsolver.com/userprofile/37047/index.html]
[www.schoolsolver.com/account/login/indexd3b2.html]
[www.schoolsolver.com/answer/13698/preview/index.html]
[www.schoolsolver.com/answer/13698/index.html]
[www.schoolsolver.com/account/password/reset/index.html]
[www.schoolsolver.com/account/register/index9b88.html]
[www.schoolsolver.com/account/register/index4396.html]
[www.schoolsolver.com/account/login/index9b88.html]
[www.schoolsolver.com/account/login/index4396.html]
[www.schoolsolver.com/account/register/indexa796.html]
[www.schoolsolver.com/account/login/indexa796.html]
[www.schoolsolver.com/account/register/index52d8.html]
[www.schoolsolver.com/account/login/index52d8.html]
[www.schoolsolver.com/account/login/index05f8.html]
[schoolsolver.s3.amazonaws.com/media/quiz_images/physics_1.png]
[www.schoolsolver.com/userprofile/30802/index.html]
[www.schoolsolver.com/account/register/index05f8.html]
[www.schoolsolver.com/question/add/indexde3b.html]
[www.schoolsolver.com/account/register/indexcf34.html]
[www.schoolsolver.com/userprofile/38188/index.html]
[www.schoolsolver.com/account/login/indexcf34.html]
[www.schoolsolver.com/answer/13720/index.html]
[www.schoolsolver.com/question/add/index22a1.html]
[www.schoolsolver.com/account/paypal/index.html]
[www.schoolsolver.com/account/register/index67f7.html]
[www.schoolsolver.com/index2ba1.html]
[www.schoolsolver.com/account/login/index67f7.html]
[www.schoolsolver.com/userprofile/38406/index.html]
[www.schoolsolver.com/question/add/indexc180.html]
[www.schoolsolver.com/account/register/index7842.html]
[www.schoolsolver.com/answer/13721/index.html]
[www.schoolsolver.com/account/login/index7842.html]
[www.schoolsolver.com/question/add/index7599.html]
[www.schoolsolver.com/question/18135/answers/add/index.html]
[www.schoolsolver.com/account/register/index6488.html]
[www.schoolsolver.com/account/login/index6488.html]
[www.schoolsolver.com/question/18135-economic/assets/close.html]
[www.schoolsolver.com/account/register/index985d.html]
[www.schoolsolver.com/question/add/indexfdfe.html]
[www.schoolsolver.com/account/login/index985d.html]
[www.schoolsolver.com/account/register/index49fa.html]
[www.schoolsolver.com/account/login/index49fa.html]
[www.schoolsolver.com/question/add/index3279.html]
[www.schoolsolver.com/question/add/index6dde.html]
[www.schoolsolver.com/account/register/indexbc79.html]
[www.schoolsolver.com/account/login/indexbc79.html]
[dw0mieutazhgr.cloudfront.net/img/rating-stars.png]
[dw0mieutazhgr.cloudfront.net/css/answer.min.css]
[www.schoolsolver.com/question/add/index448c.html]
[www.schoolsolver.com/account/register/index2e5f.html]
[www.schoolsolver.com/account/login/index2e5f.html]
[res.cloudinary.com/schoolsolver/image/fetch/w_100,h_100,f_auto,q_75/https_/schoolsolver.s3.amazonaws.com/media/profile_photos/IMG_1152.jpg]
[www.schoolsolver.com/question/add/index4f6b.html]
[res.cloudinary.com/schoolsolver/image/fetch/w_100,h_100,f_auto,q_75/https_/schoolsolver.s3.amazonaws.com/media/profile_photos/me_tnKvU5S.jpg]
[www.schoolsolver.com/userprofile/33624/index.html]
[www.schoolsolver.com/userprofile/38519/index.html]
[www.schoolsolver.com/userprofile/38518/index.html]
[res.cloudinary.com/schoolsolver/image/fetch/w_100,h_100,f_auto,q_75/https_/schoolsolver.s3.amazonaws.com/media/profile_photos/Pic_ukStJyB.jpg]
[www.schoolsolver.com/userprofile/26542/index.html]
[www.schoolsolver.com/userprofile/38517/index.html]
[www.schoolsolver.com/userprofile/38516/index.html]
[www.schoolsolver.com/question/17980-discussion-question-your-opinion/index.html]
[www.schoolsolver.com/userprofile/38515/index.html]
[www.schoolsolver.com/userprofile/38514/index.html]
[www.schoolsolver.com/users/index8632.html]
[www.schoolsolver.com/userprofile/6788/index.html]
[www.schoolsolver.com/users/index069a.html]
[www.schoolsolver.com/question/17979-discussion-question-your-opinion/index.html]
[www.schoolsolver.com/question/17978-discussion-question-your-opinion/index.html]
[www.schoolsolver.com/account/register/indexa22c.html]
[www.schoolsolver.com/account/login/indexa22c.html]
[www.schoolsolver.com/account/register/indexa8c0.html]
[www.schoolsolver.com/question/17977-discussion-question-your-opinion/index.html]
[www.schoolsolver.com/account/login/indexa8c0.html]
[www.schoolsolver.com/question/add/indexd0ce.html]
[www.schoolsolver.com/account/register/index4c62.html]
[www.schoolsolver.com/account/login/index4c62.html]
[res.cloudinary.com/schoolsolver/image/fetch/w_100,h_100,f_auto,q_75/https_/schoolsolver.s3.amazonaws.com/media/profile_photos/file14.jpg]
[www.schoolsolver.com/question/add/index276a.html]
[www.schoolsolver.com/account/login/indexf613.html]
[www.schoolsolver.com/account/register/indexf613.html]
[www.schoolsolver.com/account/login/index0019.html]
[www.schoolsolver.com/account/register/index0019.html]
[www.schoolsolver.com/question/add/indexcf7a.html]
[res.cloudinary.com/schoolsolver/image/fetch/w_100,h_100,f_auto,q_75/https_/schoolsolver.s3.amazonaws.com/media/profile_photos/small-business-problems-solutions-chalkboard.jpg]
[www.schoolsolver.com/account/register/indexa58e.html]
[www.schoolsolver.com/account/login/indexa58e.html]
[www.schoolsolver.com/account/login/index7f7a.html]
[www.schoolsolver.com/question/17975-i-need-to-help-this-question/index.html]
[www.schoolsolver.com/userprofile/6388/index.html]
[www.schoolsolver.com/account/register/index2d64.html]
[www.schoolsolver.com/answer/13596/index.html]
[www.schoolsolver.com/account/login/index2d64.html]
[www.schoolsolver.com/userprofile/36021/index.html]
[www.schoolsolver.com/answer/13564/index.html]
[res.cloudinary.com/schoolsolver/image/fetch/w_100,h_100,f_auto,q_75/https_/schoolsolver.s3.amazonaws.com/media/profile_photos/2016-07-02_11.07.13.jpg]
[www.schoolsolver.com/answer/13567/index.html]
[www.schoolsolver.com/userprofile/28636/index.html]
[www.schoolsolver.com/question/17961-trends-in-wages-and-jobs-in-the-united-states-microeconomics/index.html]
[www.schoolsolver.com/answer/13595/preview/index.html]
[www.schoolsolver.com/answer/13595/index.html]
[www.schoolsolver.com/account/register/index7770.html]
[www.schoolsolver.com/account/login/index7770.html]
[www.schoolsolver.com/userprofile/20658/index.html]
[www.schoolsolver.com/answer/13572/index.html]
[www.schoolsolver.com/question/17960-competition-profit-and-international-trade/index.html]
[www.schoolsolver.com/answer/13572/preview/index.html]
[www.schoolsolver.com/account/register/indexc972.html]
[www.schoolsolver.com/answer/13573/index.html]
[www.schoolsolver.com/account/login/indexc972.html]
[www.schoolsolver.com/account/register/index35b7.html]
[www.schoolsolver.com/question/17959-elasticity-and-the-price-of-gold-microeconomics/index.html]
[www.schoolsolver.com/account/register/index9413.html]
[www.schoolsolver.com/answer/13568/index.html]
[www.schoolsolver.com/account/login/index35b7.html]
[www.schoolsolver.com/account/login/index9413.html]
[www.schoolsolver.com/userprofile/35954/index.html]
[www.schoolsolver.com/userprofile/35667/index.html]
[www.schoolsolver.com/question/17958-price-controls-around-the-world-microeconomics/index.html]
[www.schoolsolver.com/answer/13560/preview/index.html]
[www.schoolsolver.com/userprofile/24134/index.html]
[www.schoolsolver.com/answer/13560/index.html]
[www.schoolsolver.com/answer/13561/index.html]
[www.schoolsolver.com/account/register/index9fdc.html]
[res.cloudinary.com/schoolsolver/image/fetch/w_100,h_100,f_auto,q_75/https_/schoolsolver.s3.amazonaws.com/media/profile_photos/28167970_161421817998348_6830505121200467857_n.jpg]
[www.schoolsolver.com/answer/13547/index.html]
[www.schoolsolver.com/answer/13547/preview/index.html]
[www.schoolsolver.com/account/login/index9fdc.html]
[www.schoolsolver.com/question/17839-oligopoly/index.html]
[www.schoolsolver.com/answer/13585/preview/index.html]
[www.schoolsolver.com/userprofile/14991/index.html]
[www.schoolsolver.com/answer/13585/index.html]
[www.schoolsolver.com/account/register/index2c2c.html]
[www.schoolsolver.com/account/login/index2c2c.html]
[www.schoolsolver.com/answer/13546/index.html]
[www.schoolsolver.com/question/17833-engineering-economics/index.html]
[www.schoolsolver.com/answer/13546/preview/index.html]
[www.schoolsolver.com/account/register/indexe88e.html]
[www.schoolsolver.com/answer/13545/index.html]
[www.schoolsolver.com/account/login/indexe88e.html]
[www.schoolsolver.com/answer/13545/preview/index.html]
[www.schoolsolver.com/question/17746-economics-tutor/index.html]
[www.schoolsolver.com/userprofile/30574/index.html]
[www.schoolsolver.com/account/register/index7e86.html]
[www.schoolsolver.com/answer/13558/index.html]
[www.schoolsolver.com/account/login/index7e86.html]
[www.schoolsolver.com/answer/13558/preview/index.html]
[www.schoolsolver.com/question/17738-economics-course/index.html]
[www.schoolsolver.com/answer/13548/preview/index.html]
[www.schoolsolver.com/account/register/indexa7e3.html]
[www.schoolsolver.com/answer/13548/index.html]
[www.schoolsolver.com/account/login/indexa7e3.html]
[www.schoolsolver.com/userprofile/34067/index.html]
[www.schoolsolver.com/userprofile/33940/index.html]
[www.schoolsolver.com/answer/13469/index.html]
[res.cloudinary.com/schoolsolver/image/fetch/w_100,h_100,f_auto,q_75/https_/schoolsolver.s3.amazonaws.com/media/profile_photos/Man.png]
[www.schoolsolver.com/answer/13469/preview/index.html]
[www.schoolsolver.com/answer/13486/index.html]
[www.schoolsolver.com/answer/13486/preview/index.html]
[www.schoolsolver.com/question/17713-need-help-with-question/index.html]
[www.schoolsolver.com/account/register/indexf1c8.html]
[www.schoolsolver.com/userprofile/34000/index.html]
[www.schoolsolver.com/account/register/indexdea1.html]
[www.schoolsolver.com/account/login/indexf1c8.html]
[www.schoolsolver.com/account/register/indexd9c3.html]
[www.schoolsolver.com/userprofile/38318/index.html]
[www.schoolsolver.com/account/login/indexdea1.html]
[www.schoolsolver.com/userprofile/33478/index.html]
[www.schoolsolver.com/answer/13718/index.html]
[www.schoolsolver.com/account/login/indexd9c3.html]
[www.schoolsolver.com/question/18133/answers/add/index.html]
[www.schoolsolver.com/account/register/index0abf.html]
[www.schoolsolver.com/attachments/attachment/139050/index.html]
[www.schoolsolver.com/question/18133-test-questions/assets/close.html]
[www.schoolsolver.com/account/login/index0abf.html]
[www.schoolsolver.com/account/register/index235d.html]
[www.schoolsolver.com/userprofile/33302/index.html]
[www.schoolsolver.com/account/login/index235d.html]
[www.schoolsolver.com/answer/13348/index.html]
[www.schoolsolver.com/question/15418-four-page-paper/index.html]
[www.schoolsolver.com/userprofile/30211/index.html]
[www.schoolsolver.com/answer/13348/preview/index.html]
[www.schoolsolver.com/account/register/index8c6c.html]
[www.schoolsolver.com/question/15417-papeer-needed-asap/index.html]
[www.schoolsolver.com/account/register/indexa1d5.html]
[www.schoolsolver.com/question/add/index1304.html]
[www.schoolsolver.com/account/login/index8c6c.html]
[www.schoolsolver.com/account/login/indexa1d5.html]
[www.schoolsolver.com/question/15414-help-i-have-a-paper-due/index.html]
[www.schoolsolver.com/userprofile/25386/index.html]
[www.schoolsolver.com/account/register/indexdf9e.html]
[www.schoolsolver.com/account/login/index457b.html]
[www.schoolsolver.com/account/login/indexdf9e.html]
[www.schoolsolver.com/attachments/attachment/131424/index.html]
[www.schoolsolver.com/question/11649-language-as-social-performance-style-shifting/index.html]
[www.schoolsolver.com/answer/10962/preview/index.html]
[www.schoolsolver.com/account/register/index8b63.html]
[www.schoolsolver.com/account/register/index5d74.html]
[www.schoolsolver.com/answer/10962/index.html]
[www.schoolsolver.com/account/login/index5d74.html]
[www.schoolsolver.com/account/login/index8b63.html]
[www.schoolsolver.com/userprofile/38344/index.html]
[www.schoolsolver.com/userprofile/24062/index.html]
[www.schoolsolver.com/account/register/index6f79.html]
[www.schoolsolver.com/account/login/index6f79.html]
[www.schoolsolver.com/account/register/index8b93.html]
[www.schoolsolver.com/account/login/index8b93.html]
[www.schoolsolver.com/userprofile/13409/index.html]
[www.schoolsolver.com/answer/6817/preview/index.html]
[dw0mieutazhgr.cloudfront.net/css/pdf/pdf-viewer.css]
[www.schoolsolver.com/userprofile/7239/index.html]
[www.schoolsolver.com/answer/6817/index.html]
[www.schoolsolver.com/account/register/indexeb36.html]
[www.schoolsolver.com/question/add/index40b6.html]
[www.schoolsolver.com/account/login/indexeb36.html]
[www.schoolsolver.com/account/register/index2fee.html]
[www.schoolsolver.com/account/login/index2fee.html]
[dw0mieutazhgr.cloudfront.net/js/pdf/pdf.js]
[www.schoolsolver.com/attachments/attachment/139679/index.html]
[dw0mieutazhgr.cloudfront.net/js/pdf/pdf-viewer.min.js]
[www.schoolsolver.com/account/register/index4149.html]
[www.schoolsolver.com/account/login/index4149.html]
[www.schoolsolver.com/question/12790-you-need-to-organize-sheep-in-a-heap-fat-sheep/index.html]
[res.cloudinary.com/schoolsolver/image/fetch/w_100,h_100,f_auto,q_75/https_/schoolsolver.s3.amazonaws.com/media/profile_photos/20160103_165026.jpg]
[www.schoolsolver.com/userprofile/13560/index.html]
[www.schoolsolver.com/answer/13711/index.html]
[www.schoolsolver.com/question/12597-need-a-graph-of-damped-exponential-to-be-drawn-u/index.html]
[www.schoolsolver.com/question/12056-need-help-in-c-inheritance/index.html]
[www.schoolsolver.com/answer/13711/preview/index.html]
[www.schoolsolver.com/question/add/indexe132.html]
[www.schoolsolver.com/question/17969-have-you-read-the-attached-instruction-in-needs/index.html]
[www.schoolsolver.com/userprofile/833/index.html]
[www.schoolsolver.com/answer/13520/index.html]
[www.schoolsolver.com/answer/13484/index.html]
[www.schoolsolver.com/answer/13443/index.html]
[schoolsolver.s3.amazonaws.com/media/quiz_images/stats_1.95.delayed]
[www.schoolsolver.com/userprofile/28180/index.html]
[www.schoolsolver.com/userprofile/34847/index.html]
[www.schoolsolver.com/answer/13503/index.html]
[www.schoolsolver.com/answer/13710/index.html]
[www.schoolsolver.com/answer/13385/index.html]
[www.schoolsolver.com/answer/13303/index.html]
[www.schoolsolver.com/userprofile/24397/index.html]
[www.schoolsolver.com/userprofile/31984/index.html]
[www.schoolsolver.com/answer/11469/index.html]
[www.schoolsolver.com/userprofile/5823/index.html]
[schoolsolver.s3.amazonaws.com/media/quiz_images/mathematics_1.png]
[www.schoolsolver.com/userprofile/37955/index.html]
[www.schoolsolver.com/answer/13083/index.html]
[www.schoolsolver.com/answer/9797/index.html]
[www.schoolsolver.com/answer/13715/index.html]
[www.schoolsolver.com/userprofile/31619/index.html]
[www.schoolsolver.com/answer/12321/index.html]
[www.schoolsolver.com/question/18131/answers/add/index.html]
[www.schoolsolver.com/answer/12710/index.html]
[www.schoolsolver.com/answer/12963/index.html]
[www.schoolsolver.com/question/18131-factoring/assets/close.html]
[www.schoolsolver.com/userprofile/31568/index.html]
[www.schoolsolver.com/answer/12980/index.html]
[www.schoolsolver.com/answer/12959/index.html]
[www.schoolsolver.com/answer/12946/index.html]
[www.schoolsolver.com/answer/12901/index.html]
[schoolsolver.s3.amazonaws.com/media/attachments/390takeHomeFinal.97.delayed]
[www.schoolsolver.com/answer/12581/index.html]
[www.schoolsolver.com/answer/12683/index.html]
[www.schoolsolver.com/answer/12580/index.html]
[www.schoolsolver.com/userprofile/30381/index.html]
[www.schoolsolver.com/question/18101-take-home-final/index.html]
[www.schoolsolver.com/answer/12317/index.html]
[www.schoolsolver.com/answer/12422/index.html]
[www.schoolsolver.com/answer/12242/index.html]
[www.schoolsolver.com/answer/12337/index.html]
[www.schoolsolver.com/userprofile/30204/index.html]
[www.schoolsolver.com/answer/12333/index.html]
[www.schoolsolver.com/userprofile/5391/index.html]
[www.schoolsolver.com/userprofile/13835/index.html]
[schoolsolver.s3.amazonaws.com/media/attachments/945ProjectGrading.jpg]
[www.schoolsolver.com/answer/12061/index.html]
[www.schoolsolver.com/answer/11853/index.html]
[www.schoolsolver.com/answer/11444/index.html]
[www.schoolsolver.com/answer/11436/index.html]
[schoolsolver.s3.amazonaws.com/media/attachments/493FinalProject.9a.delayed]
[www.schoolsolver.com/userprofile/25817/index.html]
[www.schoolsolver.com/userprofile/23498/index.html]
[www.schoolsolver.com/answer/11204/index.html]
[www.schoolsolver.com/answer/11081/index.html]
[www.schoolsolver.com/question/18100-trigonometry-project/index.html]
[www.schoolsolver.com/userprofile/21207/index.html]
[www.schoolsolver.com/answer/11162/index.html]
[www.schoolsolver.com/answer/10912/index.html]
[www.schoolsolver.com/answer/11142/index.html]
[www.schoolsolver.com/answer/10966/index.html]
[www.schoolsolver.com/question/17986-suppose-a-greeting-card-is-4-inches-long-on-one/index.html]
[www.schoolsolver.com/userprofile/24654/index.html]
[www.schoolsolver.com/answer/10876/index.html]
[www.schoolsolver.com/answer/10871/index.html]
[www.schoolsolver.com/answer/10854/index.html]
[www.schoolsolver.com/answer/10831/index.html]
[www.schoolsolver.com/answer/10705/index.html]
[schoolsolver.s3.amazonaws.com/media/attachments/89220180720_151854.jpg]
[www.schoolsolver.com/answer/10510/index.html]
[www.schoolsolver.com/answer/10829/index.html]
[www.schoolsolver.com/answer/10679/index.html]
[www.schoolsolver.com/question/17967-trigonometry-sinosuidal-functiongraph-word-problem/index.html]
[www.schoolsolver.com/userprofile/23142/index.html]
[www.schoolsolver.com/answer/10513/index.html]
[www.schoolsolver.com/answer/10564/index.html]
[www.schoolsolver.com/answer/10468/index.html]
[www.schoolsolver.com/answer/10469/index.html]
[www.schoolsolver.com/answer/10438/index.html]
[www.schoolsolver.com/question/17936-researchers-were-interested-in-comparing-the-lon/index.html]
[www.schoolsolver.com/userprofile/22726/index.html]
[www.schoolsolver.com/answer/10387/index.html]
[www.schoolsolver.com/answer/10461/index.html]
[www.schoolsolver.com/answer/10386/index.html]
[www.schoolsolver.com/userprofile/23036/index.html]
[www.schoolsolver.com/userprofile/22834/index.html]
[www.schoolsolver.com/answer/10351/index.html]
[www.schoolsolver.com/answer/10339/index.html]
[www.schoolsolver.com/question/17845-geomerty/index.html]
[www.schoolsolver.com/userprofile/14763/index.html]
[www.schoolsolver.com/userprofile/22312/index.html]
[www.schoolsolver.com/answer/10292/index.html]
[www.schoolsolver.com/answer/10227/index.html]
[www.schoolsolver.com/userprofile/2362/index.html]
[www.schoolsolver.com/answer/10148/index.html]
[www.schoolsolver.com/userprofile/20261/index.html]
[res.cloudinary.com/schoolsolver/image/fetch/w_100,h_100,f_auto,q_75/https_/schoolsolver.s3.amazonaws.com/media/profile_photos/photo_2017-08-14_00-22-27111.jpg]
[www.schoolsolver.com/answer/10073/index.html]
[www.schoolsolver.com/answer/10145/index.html]
[www.schoolsolver.com/answer/9903/index.html]
[www.schoolsolver.com/answer/9997/index.html]
[www.schoolsolver.com/answer/10026/index.html]
[www.schoolsolver.com/userprofile/20983/index.html]
[res.cloudinary.com/schoolsolver/image/fetch/w_100,h_100,f_auto,q_75/https_/schoolsolver.s3.amazonaws.com/media/profile_photos/001.jpg]
[www.schoolsolver.com/userprofile/18282/index.html]
[www.schoolsolver.com/answer/9998/index.html]
[www.schoolsolver.com/answer/9951/index.html]
[www.schoolsolver.com/question/17762-rings-maths/index.html]
[www.schoolsolver.com/answer/9750/index.html]
[www.schoolsolver.com/answer/9765/index.html]
[www.schoolsolver.com/answer/9664/index.html]
[www.schoolsolver.com/answer/9696/index.html]
[www.schoolsolver.com/answer/9578/index.html]
[www.schoolsolver.com/question/17707-i-need-help-completing-this-assignment/index.html]
[www.schoolsolver.com/userprofile/19360/index.html]
[www.schoolsolver.com/answer/9620/index.html]
[www.schoolsolver.com/answer/9581/index.html]
[www.schoolsolver.com/answer/9599/index.html]
[www.schoolsolver.com/userprofile/14082/index.html]
[www.schoolsolver.com/userprofile/10901/index.html]
[www.schoolsolver.com/answer/7709/index.html]
[schoolsolver.s3.amazonaws.com/media/attachments/1081.png]
[www.schoolsolver.com/userprofile/13690/index.html]
[www.schoolsolver.com/answer/7603/index.html]
[www.schoolsolver.com/answer/7598/index.html]
[www.schoolsolver.com/userprofile/6328/index.html]
[schoolsolver.s3.amazonaws.com/media/attachments/5572.png]
[www.schoolsolver.com/userprofile/13683/index.html]
[www.schoolsolver.com/answer/7278/index.html]
[www.schoolsolver.com/answer/7154/index.html]
[www.schoolsolver.com/userprofile/13630/index.html]
[schoolsolver.s3.amazonaws.com/media/attachments/3723.png]
[www.schoolsolver.com/answer/7115/index.html]
[www.schoolsolver.com/answer/7112/index.html]
[www.schoolsolver.com/account/register/indexe5a5.html]
[www.schoolsolver.com/account/register/indexf339.html]
[www.schoolsolver.com/account/login/indexe5a5.html]
[www.schoolsolver.com/account/login/indexf339.html]
[schoolsolver.s3.amazonaws.com/media/attachments/8264.a8.delayed]
[www.schoolsolver.com/account/register/indexd0e7.html]
[www.schoolsolver.com/question/17911-accounting-1/index.html]
[www.schoolsolver.com/question/17849-financial-accounting/index.html]
[www.schoolsolver.com/account/login/indexd0e7.html]
[schoolsolver.s3.amazonaws.com/media/attachments/7835.png]
[www.schoolsolver.com/userprofile/32242/index.html]
[www.schoolsolver.com/question/add/indexb691.html]
[www.schoolsolver.com/answer/13151/index.html]
[www.schoolsolver.com/userprofile/22744/index.html]
[schoolsolver.s3.amazonaws.com/media/attachments/1766.png]
[www.schoolsolver.com/answer/13143/index.html]
[www.schoolsolver.com/answer/12300/index.html]
[www.schoolsolver.com/userprofile/29368/index.html]
[www.schoolsolver.com/account/register/indexef34.html]
[www.schoolsolver.com/answer/12090/index.html]
[www.schoolsolver.com/account/login/indexef34.html]
[schoolsolver.s3.amazonaws.com/media/attachments/8187.ab.delayed]
[www.schoolsolver.com/account/register/indexcdc1.html]
[www.schoolsolver.com/account/login/indexcdc1.html]
[www.schoolsolver.com/question/18104-which-animal-having-more-than-2-hearts/index.html]
[www.schoolsolver.com/question/add/index0ec8.html]
[schoolsolver.s3.amazonaws.com/media/attachments/8458.png]
[www.schoolsolver.com/account/register/index1200.html]
[www.schoolsolver.com/account/login/index1200.html]
[www.schoolsolver.com/account/login/indexa2e1.html]
[www.schoolsolver.com/account/register/index23aa.html]
[www.schoolsolver.com/account/login/index23aa.html]
[schoolsolver.s3.amazonaws.com/media/attachments/8529.png]
[www.schoolsolver.com/userprofile/35836/index.html]
[www.schoolsolver.com/attachments/attachment/139629/index.html]
[www.schoolsolver.com/answer/13675/index.html]
[www.schoolsolver.com/answer/13675/preview/index.html]
[schoolsolver.s3.amazonaws.com/media/attachments/22610.png]
[www.schoolsolver.com/answer/13685/index.html]
[www.schoolsolver.com/account/register/indexccff.html]
[www.schoolsolver.com/answer/13674/index.html]
[schoolsolver.s3.amazonaws.com/media/attachments/59311.png]
[www.schoolsolver.com/answer/13674/preview/index.html]
[www.schoolsolver.com/account/login/indexccff.html]
[www.schoolsolver.com/account/login/indexd3d7.html]
[schoolsolver.s3.amazonaws.com/media/attachments/48912.png]
[www.schoolsolver.com/userprofile/36112/index.html]
[www.schoolsolver.com/account/register/indexd3d7.html]
[www.schoolsolver.com/answer/13578/index.html]
[www.schoolsolver.com/userprofile/5491/index.html]
[res.cloudinary.com/schoolsolver/image/fetch/w_100,h_100,f_auto,q_75/https_/schoolsolver.s3.amazonaws.com/media/profile_photos/cv_photo.png]
[www.schoolsolver.com/account/register/index22d3.html]
[www.schoolsolver.com/answer/13588/index.html]
[www.schoolsolver.com/account/login/index22d3.html]
[www.schoolsolver.com/question/17703-test-about-area-and-volume/index.html]
[www.schoolsolver.com/answer/13549/preview/index.html]
[www.schoolsolver.com/account/register/index7223.html]
[www.schoolsolver.com/answer/13549/index.html]
[www.schoolsolver.com/account/login/index7223.html]
[www.schoolsolver.com/userprofile/35542/index.html]
[schoolsolver.s3.amazonaws.com/media/attachments/9631.b3.delayed]
[www.schoolsolver.com/account/register/index81ab.html]
[www.schoolsolver.com/account/login/index81ab.html]
[www.schoolsolver.com/userprofile/34122/index.html]
[www.schoolsolver.com/answer/13476/index.html]
[schoolsolver.s3.amazonaws.com/media/attachments/2602.png]
[www.schoolsolver.com/answer/13485/preview/index.html]
[www.schoolsolver.com/answer/13485/index.html]
[www.schoolsolver.com/account/register/index2579.html]
[schoolsolver.s3.amazonaws.com/media/attachments/6573.png]
[www.schoolsolver.com/account/login/index2579.html]
[www.schoolsolver.com/userprofile/33728/index.html]
[www.schoolsolver.com/userprofile/29753/index.html]
[www.schoolsolver.com/userprofile/33130/index.html]
[schoolsolver.s3.amazonaws.com/media/attachments/5654.png]
[www.schoolsolver.com/answer/13398/index.html]
[www.schoolsolver.com/answer/13400/index.html]
[www.schoolsolver.com/account/login/indexebf4.html]
[schoolsolver.s3.amazonaws.com/media/attachments/1145.png]
[www.schoolsolver.com/userprofile/33254/index.html]
[www.schoolsolver.com/account/register/indexebf4.html]
[www.schoolsolver.com/account/register/indexb8c9.html]
[schoolsolver.s3.amazonaws.com/media/attachments/3296.png]
[www.schoolsolver.com/account/login/indexb8c9.html]
[www.schoolsolver.com/userprofile/33186/index.html]
[www.schoolsolver.com/userprofile/33184/index.html]
[www.schoolsolver.com/answer/13336/index.html]
[www.schoolsolver.com/answer/13331/index.html]
[schoolsolver.s3.amazonaws.com/media/attachments/4637.png]
[www.schoolsolver.com/userprofile/31411/index.html]
[www.schoolsolver.com/answer/13340/index.html]
[www.schoolsolver.com/answer/13343/index.html]
[www.schoolsolver.com/answer/13343/preview/index.html]
[schoolsolver.s3.amazonaws.com/media/attachments/9118.1.png]
[www.schoolsolver.com/account/register/index237c.html]
[www.schoolsolver.com/account/login/index237c.html]
[schoolsolver.s3.amazonaws.com/media/attachments/6898.2.png]
[schoolsolver.s3.amazonaws.com/media/attachments/9019.png]
[schoolsolver.s3.amazonaws.com/media/attachments/04810.png]
[schoolsolver.s3.amazonaws.com/media/attachments/26411.png]
[schoolsolver.s3.amazonaws.com/media/attachments/08812.png]
[www.schoolsolver.com/answer/13341/preview/index.html]
[www.schoolsolver.com/question/17702-test-about-circles/index.html]
[www.schoolsolver.com/answer/13341/index.html]
[www.schoolsolver.com/answer/13333/index.html]
[www.schoolsolver.com/answer/13332/index.html]
[www.schoolsolver.com/answer/13333/preview/index.html]
[schoolsolver.s3.amazonaws.com/media/attachments/1701.png]
[www.schoolsolver.com/account/register/index945e.html]
[www.schoolsolver.com/account/login/index945e.html]
[schoolsolver.s3.amazonaws.com/media/attachments/8182.png]
[schoolsolver.s3.amazonaws.com/media/attachments/9163.png]
[schoolsolver.s3.amazonaws.com/media/attachments/3184.png]
[schoolsolver.s3.amazonaws.com/media/attachments/9225.png]
[www.schoolsolver.com/question/17699-radioactivity-and-half-life/index.html]
[www.schoolsolver.com/answer/13330/index.html]
[www.schoolsolver.com/answer/13344/index.html]
[schoolsolver.s3.amazonaws.com/media/attachments/1901.png]
[www.schoolsolver.com/account/register/index5164.html]
[www.schoolsolver.com/account/login/index5164.html]
[schoolsolver.s3.amazonaws.com/media/attachments/8062.png]
[schoolsolver.s3.amazonaws.com/media/attachments/9373.png]
[schoolsolver.s3.amazonaws.com/media/attachments/9304.png]
[schoolsolver.s3.amazonaws.com/media/attachments/2305.png]
[www.schoolsolver.com/question/17688-parabolas-2/index.html]
[www.schoolsolver.com/answer/13323/index.html]
[www.schoolsolver.com/account/register/indexd344.html]
[www.schoolsolver.com/account/login/indexd344.html]
[schoolsolver.s3.amazonaws.com/media/attachments/0231.png]
[schoolsolver.s3.amazonaws.com/media/attachments/2762.png]
[schoolsolver.s3.amazonaws.com/media/attachments/5883.png]
[schoolsolver.s3.amazonaws.com/media/attachments/7924.png]
[schoolsolver.s3.amazonaws.com/media/attachments/1115.png]
[www.schoolsolver.com/question/17687-circles-2/index.html]
[www.schoolsolver.com/account/register/index9e00.html]
[www.schoolsolver.com/account/login/index9e00.html]
[www.schoolsolver.com/answer/13322/index.html]
[www.schoolsolver.com/account/register/index20da.html]
[www.schoolsolver.com/account/login/index20da.html]
[www.schoolsolver.com/attachments/attachment/139675/index.html]
[www.schoolsolver.com/answer/13708/index.html]
[www.schoolsolver.com/answer/13708/preview/index.html]
[www.schoolsolver.com/account/register/indexe680.html]
[www.schoolsolver.com/account/register/indexc260.html]
[www.schoolsolver.com/answer/13714/index.html]
[www.schoolsolver.com/account/login/indexe680.html]
[www.schoolsolver.com/account/login/indexc260.html]
[www.schoolsolver.com/answer/13714/preview/index.html]
[www.schoolsolver.com/account/register/index7d62.html]
[www.schoolsolver.com/question/18130/answers/add/index.html]
[www.schoolsolver.com/account/login/index7d62.html]
[www.schoolsolver.com/question/18130-polynomials-homework/assets/close.html]
[www.schoolsolver.com/account/register/indexbbae.html]
[www.schoolsolver.com/account/register/index8277.html]
[www.schoolsolver.com/account/login/index8277.html]
[www.schoolsolver.com/userprofile/38264/index.html]
[www.schoolsolver.com/account/login/indexbbae.html]
[www.schoolsolver.com/answer/13703/index.html]
[www.schoolsolver.com/account/login/indexbc50.html]
[www.schoolsolver.com/question/18123/answers/add/index.html]
[www.schoolsolver.com/account/register/indexd5d5.html]
[www.schoolsolver.com/question/add/indexc020.html]
[www.schoolsolver.com/question/18123-rounding-and-estimating/assets/close.html]
[www.schoolsolver.com/account/login/indexd5d5.html]
[www.schoolsolver.com/account/register/indexbb47.html]
[www.schoolsolver.com/account/login/indexbb47.html]
[www.schoolsolver.com/userprofile/30478/index.html]
[www.schoolsolver.com/question/17962-essay-assignment/index.html]
[www.schoolsolver.com/account/register/indexfe0b.html]
[www.schoolsolver.com/account/login/indexfe0b.html]
[www.schoolsolver.com/account/login/index8b0a.html]
[www.schoolsolver.com/attachments/attachment/139560/index.html]
[www.schoolsolver.com/attachments/attachment/139559/index.html]
[www.schoolsolver.com/answer/13649/index.html]
[www.schoolsolver.com/answer/13649/preview/index.html]
[www.schoolsolver.com/question/17935-sound-paragraph/index.html]
[www.schoolsolver.com/answer/13533/preview/index.html]
[www.schoolsolver.com/account/register/index6616.html]
[www.schoolsolver.com/answer/13533/index.html]
[www.schoolsolver.com/account/login/index6616.html]
[www.schoolsolver.com/account/register/index92d5.html]
[res.cloudinary.com/schoolsolver/image/fetch/w_100,h_100,f_auto,q_75/https_/schoolsolver.s3.amazonaws.com/media/profile_photos/IMG_3108.jpg]
[www.schoolsolver.com/userprofile/32100/index.html]
[res.cloudinary.com/schoolsolver/image/fetch/w_100,h_100,f_auto,q_75/https_/schoolsolver.s3.amazonaws.com/media/profile_photos/IMG_4402.jpg]
[www.schoolsolver.com/userprofile/35197/index.html]
[www.schoolsolver.com/account/login/index92d5.html]
[www.schoolsolver.com/question/17905-education/index.html]
[www.schoolsolver.com/answer/13513/index.html]
[www.schoolsolver.com/userprofile/31034/index.html]
[www.schoolsolver.com/question/17831-off-campus-feature-story/index.html]
[www.schoolsolver.com/answer/13527/index.html]
[www.schoolsolver.com/account/register/index5b9e.html]
[www.schoolsolver.com/userprofile/33617/index.html]
[www.schoolsolver.com/question/17752-news-story-writing-ap-style/index.html]
[www.schoolsolver.com/account/login/index5b9e.html]
[www.schoolsolver.com/account/register/index4a39.html]
[www.schoolsolver.com/question/17751-news-story/index.html]
[www.schoolsolver.com/account/login/index4a39.html]
[www.schoolsolver.com/account/register/indexe01e.html]
[www.schoolsolver.com/account/login/indexe01e.html]
[res.cloudinary.com/schoolsolver/image/fetch/w_100,h_100,f_auto,q_75/https_/schoolsolver.s3.amazonaws.com/media/profile_photos/4adb5938d8462b219bff453827975b33_20140415053025540284_thumb_xlarge.e1.delayed]
[www.schoolsolver.com/account/register/index074a.html]
[www.schoolsolver.com/account/login/index074a.html]
[www.schoolsolver.com/question/17722-need-a-personal-statement-written/index.html]
[www.schoolsolver.com/userprofile/22/index.html]
[www.schoolsolver.com/question/17653-a-research-paper-about-racism-in-the-20th-c/index.html]
[www.schoolsolver.com/userprofile/27742/index.html]
[www.schoolsolver.com/question/17625-writing-an-analytical-essay-on-lunch-break/index.html]
[www.schoolsolver.com/account/register/index5989.html]
[www.schoolsolver.com/account/login/index5989.html]
[www.schoolsolver.com/userprofile/32848/index.html]
[www.schoolsolver.com/account/register/index526d.html]
[www.schoolsolver.com/account/login/index526d.html]
[www.schoolsolver.com/account/register/indexfa5f.html]
[res.cloudinary.com/schoolsolver/image/fetch/w_100,h_100,f_auto,q_75/https_/schoolsolver.s3.amazonaws.com/media/profile_photos/diana_g0aW0US.png]
[www.schoolsolver.com/account/login/indexfa5f.html]
[www.schoolsolver.com/question/17622-2-discussions/index.html]
[www.schoolsolver.com/answer/13263/preview/index.html]
[www.schoolsolver.com/answer/13260/preview/index.html]
[www.schoolsolver.com/answer/13260/index.html]
[www.schoolsolver.com/answer/13263/index.html]
[www.schoolsolver.com/answer/13268/preview/index.html]
[www.schoolsolver.com/answer/13268/index.html]
[www.schoolsolver.com/answer/13269/preview/index.html]
[www.schoolsolver.com/answer/13269/index.html]
[www.schoolsolver.com/question/17610-discussion/index.html]
[www.schoolsolver.com/answer/13277/preview/index.html]
[www.schoolsolver.com/account/register/index8aac.html]
[www.schoolsolver.com/answer/13277/index.html]
[www.schoolsolver.com/answer/13251/index.html]
[www.schoolsolver.com/account/login/index8aac.html]
[www.schoolsolver.com/answer/13251/preview/index.html]
[www.schoolsolver.com/account/register/indexda85.html]
[www.schoolsolver.com/question/17607-comparitive-literary-essay-purple-hibiscus-persepolis-essay-is-34-completed/index.html]
[www.schoolsolver.com/userprofile/32678/index.html]
[www.schoolsolver.com/attachments/attachment/138776/index.html]
[www.schoolsolver.com/account/register/index5ea4.html]
[www.schoolsolver.com/attachments/attachment/138775/index.html]
[www.schoolsolver.com/account/login/index5ea4.html]
[www.schoolsolver.com/userprofile/34294/index.html]
[www.schoolsolver.com/account/login/indexda85.html]
[www.schoolsolver.com/userprofile/35845/index.html]
[www.schoolsolver.com/attachments/attachment/138774/index.html]
[www.schoolsolver.com/answer/13704/index.html]
[www.schoolsolver.com/account/register/indexd4a1.html]
[www.schoolsolver.com/account/login/indexd4a1.html]
[www.schoolsolver.com/answer/13704/preview/index.html]
[www.schoolsolver.com/question/18121/answers/add/index.html]
[www.schoolsolver.com/question/add/indexdfd1.html]
[www.schoolsolver.com/account/register/index4abc.html]
[www.schoolsolver.com/question/18121-conventional-encryption/assets/close.html]
[www.schoolsolver.com/account/login/index4abc.html]
[www.schoolsolver.com/answer/13581/index.html]
[www.schoolsolver.com/account/register/indexecb4.html]
[www.schoolsolver.com/question/add/index8c80.html]
[www.schoolsolver.com/account/login/indexecb4.html]
[www.schoolsolver.com/question/18108-create-a-wan/index.html]
[www.schoolsolver.com/account/register/indexc202.html]
[www.schoolsolver.com/account/register/index0e46.html]
[www.schoolsolver.com/account/login/index453a.html]
[www.schoolsolver.com/account/login/indexc202.html]
[www.schoolsolver.com/account/login/index0e46.html]
[www.schoolsolver.com/question/18107-investigate-multiplexing/index.html]
[www.schoolsolver.com/account/register/indexb501.html]
[www.schoolsolver.com/question/18106-compare-three-protocol-analyzers/index.html]
[www.schoolsolver.com/account/login/indexb501.html]
[www.schoolsolver.com/question/18083-managing-information-security-audits/index.html]
[www.schoolsolver.com/account/register/indexc178.html]
[www.schoolsolver.com/account/register/index01b3.html]
[www.schoolsolver.com/account/login/indexc178.html]
[www.schoolsolver.com/question/17993-create-a-model-of-communication/index.html]
[www.schoolsolver.com/question/17992-compare-network-diagnostics-tools/index.html]
[www.schoolsolver.com/question/17953-project-management-terminology/index.html]
[www.schoolsolver.com/question/17949-tcpip-addressing-and-management/index.html]
[www.schoolsolver.com/question/17948-tcpip-discussion/index.html]
[www.schoolsolver.com/question/17915-tcpip-networking/index.html]
[www.schoolsolver.com/account/register/index7c22.html]
[www.schoolsolver.com/account/login/index7c22.html]
[www.schoolsolver.com/account/login/index01b3.html]
[www.schoolsolver.com/userprofile/29770/index.html]
[www.schoolsolver.com/userprofile/38189/index.html]
[www.schoolsolver.com/answer/13697/index.html]
[www.schoolsolver.com/answer/13697/preview/index.html]
[www.schoolsolver.com/userprofile/38278/index.html]
[www.schoolsolver.com/answer/13705/index.html]
[www.schoolsolver.com/answer/13705/preview/index.html]
[www.schoolsolver.com/question/18120/answers/add/index.html]
[www.schoolsolver.com/question/18120-please-write-an-essay-of-350-500-words-for-the-given-question/assets/close.html]
[www.schoolsolver.com/account/register/index7069.html]
[www.schoolsolver.com/account/login/index7069.html]
[www.schoolsolver.com/userprofile/36879/index.html]
[www.schoolsolver.com/answer/13689/index.html]
[www.schoolsolver.com/question/18114/answers/add/index.html]
[www.schoolsolver.com/question/18114-infinity/assets/close.html]
[www.schoolsolver.com/userprofile/img/rating-stars.html]
[www.schoolsolver.com/account/register/index57d9.html]
[www.schoolsolver.com/account/login/index57d9.html]
[www.schoolsolver.com/question/14375-need-someone-to-write-a-fictional-short-storie/index.html]
[www.schoolsolver.com/question/14355-need-someone-to-write-fictional-2-short-stories/index.html]
[www.schoolsolver.com/question/14342-does-anybody-here-have-experience-with-react-nat/index.html]
[www.schoolsolver.com/question/14293-need-someone-to-create-a-workflow-for-me-if-you/index.html]
[www.schoolsolver.com/question/14278-need-someone-to-convert-webpage-to-responsive-design/index.html]
[www.schoolsolver.com/question/16346-a-history-of-poem-generation-in-the/index.html]
[www.schoolsolver.com/question/9179-been-on-a-very-tight-schedule-with-having-to-tur/index.html]
[www.schoolsolver.com/question/9052-discuss-the-spread-of-christianity-in-the-late-a/index.html]
[www.schoolsolver.com/question/9072-contract-agency-law/index.html]
[www.schoolsolver.com/question/9073-emerging-trends/index.html]
[www.schoolsolver.com/messages/write/tutormaster/index067e.html]
[www.schoolsolver.com/question/add/indexd73e.html]
[www.schoolsolver.com/userprofile/34564/index.html]
[www.schoolsolver.com/answer/899325328/index.html]
[www.schoolsolver.com/userprofile/33058/index.html]
[www.schoolsolver.com/answer/899482882/index.html]
[www.schoolsolver.com/userprofile/29953/index.html]
[www.schoolsolver.com/answer/898972078/index.html]
[www.schoolsolver.com/userprofile/21262/index.html]
[www.schoolsolver.com/answer/898838866/index.html]
[www.schoolsolver.com/userprofile/20288/index.html]
[www.schoolsolver.com/answer/898671397/index.html]
[www.schoolsolver.com/userprofile/18833/index.html]
[www.schoolsolver.com/answer/899444861/index.html]
[www.schoolsolver.com/userprofile/17867/index.html]
[www.schoolsolver.com/answer/899295687/index.html]
[www.schoolsolver.com/userprofile/11190/index.html]
[www.schoolsolver.com/answer/899449384/index.html]
[www.schoolsolver.com/userprofile/8262/index.html]
[www.schoolsolver.com/answer/899228947/index.html]
[www.schoolsolver.com/userprofile/9433/index.html]
[www.schoolsolver.com/answer/899498301/index.html]
[www.schoolsolver.com/userprofile/6699/index.html]
[www.schoolsolver.com/answer/899462174/index.html]
[www.schoolsolver.com/userprofile/5928/index.html]
[www.schoolsolver.com/answer/3600/index.html]
[www.schoolsolver.com/userprofile/5660/index.html]
[www.schoolsolver.com/answer/898584854/index.html]
[www.schoolsolver.com/userprofile/4599/index.html]
[www.schoolsolver.com/answer/899155997/index.html]
[www.schoolsolver.com/userprofile/4380/index.html]
[www.schoolsolver.com/answer/898522646/index.html]
[www.schoolsolver.com/userprofile/3363/index.html]
[www.schoolsolver.com/answer/898594109/index.html]
[www.schoolsolver.com/userprofile/2522/index.html]
[www.schoolsolver.com/answer/899335083/index.html]
[www.schoolsolver.com/userprofile/2140/index.html]
[www.schoolsolver.com/answer/898936571/index.html]
[www.schoolsolver.com/userprofile/1649/index.html]
[www.schoolsolver.com/answer/899296054/index.html]
[www.schoolsolver.com/userprofile/1538/index.html]
[www.schoolsolver.com/answer/899342074/index.html]
[www.schoolsolver.com/account/register/index9071.html]
[www.schoolsolver.com/account/login/index9071.html]
[www.schoolsolver.com/question/17601-complete-answer-working-93-score/index.html]
[www.schoolsolver.com/question/16070-as-we-agreed_please-find-attached/index.html]
[www.schoolsolver.com/question/15177-weekly-reflective-journal/index.html]
[www.schoolsolver.com/question/14922-as-we-agreed_please-find-attached/index.html]
[www.schoolsolver.com/question/14320-as-we-agreed_pmt-link-final_please-complete/index.html]
[www.schoolsolver.com/question/17388-decision-making-and-accounting-for-manager/index.html]
[www.schoolsolver.com/question/17329-uber/index.html]
[www.schoolsolver.com/question/16964-cfo-project-company-mcdonalds/index.html]
[www.schoolsolver.com/messages/write/haafi/index067e.html]
[www.schoolsolver.com/question/add/indexfc54.html]
[www.schoolsolver.com/userprofile/17370/index.html]
[www.schoolsolver.com/answer/9252/index.html]
[www.schoolsolver.com/userprofile/25333/index.html]
[www.schoolsolver.com/answer/11486/index.html]
[www.schoolsolver.com/userprofile/24768/index.html]
[www.schoolsolver.com/answer/10635/index.html]
[www.schoolsolver.com/userprofile/22163/index.html]
[www.schoolsolver.com/answer/10437/index.html]
[www.schoolsolver.com/userprofile/20522/index.html]
[www.schoolsolver.com/answer/10396/index.html]
[www.schoolsolver.com/userprofile/13524/index.html]
[www.schoolsolver.com/answer/7039/index.html]
[www.schoolsolver.com/userprofile/15475/index.html]
[www.schoolsolver.com/answer/8451/index.html]
[www.schoolsolver.com/userprofile/7097/index.html]
[www.schoolsolver.com/account/register/index3ff2.html]
[www.schoolsolver.com/answer/8627/index.html]
[www.schoolsolver.com/userprofile/13985/index.html]
[www.schoolsolver.com/answer/7840/index.html]
[www.schoolsolver.com/userprofile/13382/index.html]
[www.schoolsolver.com/answer/7738/index.html]
[www.schoolsolver.com/answer/7738/preview/index.html]
[www.schoolsolver.com/userprofile/13463/index.html]
[www.schoolsolver.com/account/login/index3ff2.html]
[www.schoolsolver.com/answer/6847/index.html]
[www.schoolsolver.com/account/register/index4136.html]
[www.schoolsolver.com/userprofile/11943/index.html]
[www.schoolsolver.com/answer/6619/index.html]
[www.schoolsolver.com/userprofile/10752/index.html]
[www.schoolsolver.com/answer/6186/index.html]
[www.schoolsolver.com/account/register/index7748.html]
[www.schoolsolver.com/answer/5973/index.html]
[www.schoolsolver.com/userprofile/9651/index.html]
[www.schoolsolver.com/answer/5754/index.html]
[www.schoolsolver.com/userprofile/3324/index.html]
[www.schoolsolver.com/answer/5587/index.html]
[www.schoolsolver.com/userprofile/3583/index.html]
[www.schoolsolver.com/answer/5250/index.html]
[www.schoolsolver.com/userprofile/9535/index.html]
[www.schoolsolver.com/answer/5208/index.html]
[www.schoolsolver.com/answer/4646/index.html]
[www.schoolsolver.com/answer/4579/index.html]
[www.schoolsolver.com/answer/4545/index.html]
[www.schoolsolver.com/answer/4441/index.html]
[www.schoolsolver.com/answer/4442/index.html]
[www.schoolsolver.com/answer/4484/index.html]
[www.schoolsolver.com/answer/4580/index.html]
[www.schoolsolver.com/account/login/index4136.html]
[www.schoolsolver.com/account/login/index7748.html]
[www.schoolsolver.com/answer/4595/index.html]
[www.schoolsolver.com/answer/4621/index.html]
[www.schoolsolver.com/userprofile/7457/index.html]
[www.schoolsolver.com/answer/4570/index.html]
[www.schoolsolver.com/answer/4255/index.html]
[www.schoolsolver.com/answer/4010/index.html]
[www.schoolsolver.com/answer/4255/preview/index.html]
[www.schoolsolver.com/answer/4105/index.html]
[www.schoolsolver.com/answer/4056/index.html]
[www.schoolsolver.com/account/register/index040b.html]
[www.schoolsolver.com/account/login/index040b.html]
[www.schoolsolver.com/question/14026-windows-form-upload-the-windows-forms-visual-basic-sin-file-solved/index.html]
[www.schoolsolver.com/question/13811-ppt/index.html]
[www.schoolsolver.com/question/12487-industrial-politics-bouns-the-first-5q/index.html]
[www.schoolsolver.com/question/12188-u4-assessment/index.html]
[www.schoolsolver.com/question/11974-there-you-go/index.html]
[www.schoolsolver.com/question/14536-cultural-influence-on-human-organization/index.html]
[www.schoolsolver.com/question/14415-exploring-entrepreneurism/index.html]
[www.schoolsolver.com/question/14414-global-initiatives/index.html]
[www.schoolsolver.com/question/14413-optimizing-organizations/index.html]
[www.schoolsolver.com/question/14350-revising-and-rewriting-final-essay/index.html]
[www.schoolsolver.com/messages/write/CreativeCat/index067e.html]
[www.schoolsolver.com/question/add/index2ab6.html]
[www.schoolsolver.com/answer/9940/index.html]
[www.schoolsolver.com/answer/9852/index.html]
[www.schoolsolver.com/answer/9530/index.html]
[www.schoolsolver.com/answer/9531/index.html]
[www.schoolsolver.com/answer/9448/index.html]
[www.schoolsolver.com/answer/9447/index.html]
[www.schoolsolver.com/account/register/index574c.html]
[www.schoolsolver.com/account/login/index574c.html]
[www.schoolsolver.com/answer/9390/index.html]
[www.schoolsolver.com/answer/9448/preview/index.html]
[www.schoolsolver.com/account/register/indexff60.html]
[www.schoolsolver.com/answer/9391/index.html]
[www.schoolsolver.com/account/register/index1af6.html]
[www.schoolsolver.com/answer/9372/index.html]
[www.schoolsolver.com/answer/9350/index.html]
[www.schoolsolver.com/answer/9371/index.html]
[www.schoolsolver.com/answer/9349/index.html]
[www.schoolsolver.com/answer/9316/index.html]
[www.schoolsolver.com/answer/9318/index.html]
[www.schoolsolver.com/answer/9292/index.html]
[www.schoolsolver.com/answer/9293/index.html]
[www.schoolsolver.com/answer/9267/index.html]
[www.schoolsolver.com/answer/9268/index.html]
[www.schoolsolver.com/answer/9234/index.html]
[www.schoolsolver.com/answer/9233/index.html]
[www.schoolsolver.com/userprofile/11252/index.html]
[www.schoolsolver.com/answer/8993/index.html]
[www.schoolsolver.com/answer/8959/index.html]
[www.schoolsolver.com/answer/8901/index.html]
[www.schoolsolver.com/answer/8782/index.html]
[www.schoolsolver.com/answer/8535/index.html]
[www.schoolsolver.com/userprofile/11731/index.html]
[www.schoolsolver.com/answer/8502/index.html]
[www.schoolsolver.com/answer/8408/index.html]
[www.schoolsolver.com/answer/8412/index.html]
[www.schoolsolver.com/answer/8368/index.html]
[www.schoolsolver.com/answer/8362/index.html]
[www.schoolsolver.com/answer/8293/index.html]
[www.schoolsolver.com/answer/8200/index.html]
[www.schoolsolver.com/answer/8177/index.html]
[www.schoolsolver.com/userprofile/15093/index.html]
[www.schoolsolver.com/answer/8144/index.html]
[www.schoolsolver.com/answer/8125/index.html]
[www.schoolsolver.com/answer/8126/index.html]
[www.schoolsolver.com/answer/7958/index.html]
[www.schoolsolver.com/answer/7959/index.html]
[www.schoolsolver.com/answer/7880/index.html]
[www.schoolsolver.com/answer/7876/index.html]
[www.schoolsolver.com/answer/7782/index.html]
[www.schoolsolver.com/answer/7788/index.html]
[www.schoolsolver.com/answer/7728/index.html]
[www.schoolsolver.com/answer/7729/index.html]
[www.schoolsolver.com/userprofile/13195/index.html]
[www.schoolsolver.com/account/login/index1af6.html]
[www.schoolsolver.com/answer/7762/index.html]
[www.schoolsolver.com/answer/7731/index.html]
[www.schoolsolver.com/answer/7581/index.html]
[www.schoolsolver.com/answer/7582/index.html]
[www.schoolsolver.com/account/register/index11aa.html]
[www.schoolsolver.com/answer/7413/index.html]
[www.schoolsolver.com/answer/7411/index.html]
[www.schoolsolver.com/answer/7328/index.html]
[www.schoolsolver.com/answer/7327/index.html]
[www.schoolsolver.com/userprofile/7153/index.html]
[www.schoolsolver.com/answer/7145/index.html]
[www.schoolsolver.com/answer/7143/index.html]
[www.schoolsolver.com/answer/6752/index.html]
[www.schoolsolver.com/answer/6779/index.html]
[www.schoolsolver.com/answer/6757/index.html]
[www.schoolsolver.com/answer/6799/index.html]
[www.schoolsolver.com/answer/6803/index.html]
[www.schoolsolver.com/answer/6710/index.html]
[www.schoolsolver.com/answer/6689/index.html]
[www.schoolsolver.com/answer/6662/index.html]
[www.schoolsolver.com/answer/6690/index.html]
[www.schoolsolver.com/answer/6660/index.html]
[www.schoolsolver.com/answer/6711/index.html]
[www.schoolsolver.com/answer/6629/index.html]
[www.schoolsolver.com/answer/6053/index.html]
[www.schoolsolver.com/answer/6564/index.html]
[www.schoolsolver.com/answer/6561/index.html]
[www.schoolsolver.com/answer/6400/index.html]
[www.schoolsolver.com/answer/6508/index.html]
[www.schoolsolver.com/answer/6463/index.html]
[www.schoolsolver.com/answer/6448/index.html]
[www.schoolsolver.com/answer/6392/index.html]
[www.schoolsolver.com/answer/6298/index.html]
[www.schoolsolver.com/answer/6347/index.html]
[www.schoolsolver.com/answer/6361/index.html]
[www.schoolsolver.com/answer/6268/index.html]
[www.schoolsolver.com/answer/6245/index.html]
[www.schoolsolver.com/answer/6234/index.html]
[www.schoolsolver.com/userprofile/4720/index.html]
[www.schoolsolver.com/answer/3269/index.html]
[www.schoolsolver.com/account/login/index11aa.html]
[www.schoolsolver.com/answer/6166/index.html]
[www.schoolsolver.com/answer/3269/preview/index.html]
[www.schoolsolver.com/question/add/index6ddf.html]
[www.schoolsolver.com/userprofile/9367/index.html]
[www.schoolsolver.com/account/register/index7835.html]
[www.schoolsolver.com/account/login/index7835.html]
[www.schoolsolver.com/account/register/index6dd5.html]
[www.schoolsolver.com/answer/6156/index.html]
[www.schoolsolver.com/answer/6166/preview/index.html]
[www.schoolsolver.com/answer/6112/index.html]
[www.schoolsolver.com/answer/6081/index.html]
[www.schoolsolver.com/answer/6052/index.html]
[www.schoolsolver.com/account/register/index0245.html]
[www.schoolsolver.com/account/login/index6dd5.html]
[www.schoolsolver.com/userprofile/5881/index.html]
[www.schoolsolver.com/account/login/index0245.html]
[www.schoolsolver.com/answer/6156/preview/index.html]
[www.schoolsolver.com/answer/5545/index.html]
[www.schoolsolver.com/account/register/index6703.html]
[www.schoolsolver.com/answer/5538/index.html]
[www.schoolsolver.com/question/add/index4df5.html]
[www.schoolsolver.com/account/login/index6703.html]
[www.schoolsolver.com/answer/5537/index.html]
[www.schoolsolver.com/account/register/index11a4.html]
